{"PROCESSING_LOG":{"SVC_CD":"SVC_13","INPUT":{"phoneNumber":"010-6338-7509","KWJS_TASKID":"4EB51A87-EFB4-4B0E-9CF3-F47883A934EE","CERTPWD_BIZ":"27bf3854545ace2f802ea4a1e4b4d373","SHARED_KEY":"-)(Bm@@)szGXUR;F","customerId":"kwickwic","JUMIN":"a73f173cf385391d0152a52df4709b94","ACCESS_KEY":"N49O2S42KZDF793X","LibVer":"LibNG_1.0.0_20220501b","kwic":{},"NEWADDR1":"경기도","userBzNumber":"2339100568","CERTSbiz":{},"ENGINE":{"FRAMEWORK":"ios","ACCESSKEY":"N49O2S42KZDF793X","HW":"x86_64","UUID":"32CB8E6C-6551-44DB-BE62-5AC33B014CA1","PACKAGENAME":"kr.co.kwic.NiceInfoBoxSampleSwift","ENV":"dev","OS":"iOS_15.2","INTERACTION_BINDING":"1","INTERFACE":"Mobile","REQTIME":"20220819172459"},"services":[{"SERVICE":"13","USERNAME":"","MASKING":"N","SIMPLE_CERT_OPTION":"","TELECOMGUBUN":"","USERGUBUN":"2","phoneNumber":"","SIMPLE_CERT_METHOD":"0","active":true,"rst_prv_type":"","rsaEncYn":"Y","rst_info_rgst_yn":"","svc_gb":"13","ivkey":"O&p*220800823010","fax_prv_yn":"Y","scaf_id":"220800823010","third_id":"","rsp_cd":"P000","third_hpz_no":"","third_hps_no":"","cryptkey":"B@r@2022081917250022080082301000","third_hpa_no":"","third_nm":"","expt_yn":"N","cust_nm":"기웅정보통신(주)","store_cd":"0027210","user_id":"kwickwic","cust_key":"kwickwic"}],"DEBUG_LEVEL":"KWFULL","TEST_LOG_PATH":"/Users/michaelauk/Library/Developer/CoreSimulator/Devices/CF332A0B-BEC6-4912-966F-56B1C6FE2566/data/Containers/Data/Application/D9D6D90A-7FA6-4962-A5FF-B55E05D0A024/Documents/NG/","KWJS_PROCESS_ID":"0","NEWADDR2":"파주시","CERTPWD_PRI":"27bf3854545ace2f802ea4a1e4b4d373","INTERACTION_BINDING":"1","userName":"윤덕권","ENC_FIELDS":{"JUMIN":{"ENC_PARAM":"TURJd0doTUFCQllEQjQ1MXR3RlBZTzhha1o3bm5ITG9nZVlFNjQ1ckJCVHlUQTVOdlgzeFpjVnBHU3BIYm9yWEpIQWh2QT09|OTU0MjhmOWU3NmJjN2M1MDUzMmM1ODJkMDk3YjIzYjc=","ENV_VALUE":"a73f173cf385391d0152a52df4709b94","ENC_TYPE":"NFILTER_VARIABLE"},"CERTPWD_BIZ":{"ENV_VALUE":"27bf3854545ace2f802ea4a1e4b4d373","ENC_PARAM":"TURJd0doTUFCQllEQjQ1MXR3RlBZTzhha1o3bm5ITG9nZVlFNjQ1ckJCVHlUQTVOdlgzeFpjVnBHU3BIYm9yWEpIQWh2QT09|OTU0MjhmOWU3NmJjN2M1MDUzMmM1ODJkMDk3YjIzYjc=","ENC_TYPE":"NFILTER_VARIABLE"},"CERTPWD_PRI":{"ENC_TYPE":"NFILTER_VARIABLE","ENC_PARAM":"TURJd0doTUFCQllEQjQ1MXR3RlBZTzhha1o3bm5ITG9nZVlFNjQ1ckJCVHlUQTVOdlgzeFpjVnBHU3BIYm9yWEpIQWh2QT09|OTU0MjhmOWU3NmJjN2M1MDUzMmM1ODJkMDk3YjIzYjc=","ENV_VALUE":"27bf3854545ace2f802ea4a1e4b4d373"},"JUMINNUM":{"ENC_PARAM":"TURJd0doTUFCQllEQjQ1MXR3RlBZTzhha1o3bm5ITG9nZVlFNjQ1ckJCVHlUQTVOdlgzeFpjVnBHU3BIYm9yWEpIQWh2QT09|OTU0MjhmOWU3NmJjN2M1MDUzMmM1ODJkMDk3YjIzYjc=","ENV_VALUE":"a73f173cf385391d0152a52df4709b94","ENC_TYPE":"NFILTER_VARIABLE"},"REQJUMIN":{"ENC_PARAM":"TURJd0doTUFCQllEQjQ1MXR3RlBZTzhha1o3bm5ITG9nZVlFNjQ1ckJCVHlUQTVOdlgzeFpjVnBHU3BIYm9yWEpIQWh2QT09|OTU0MjhmOWU3NmJjN2M1MDUzMmM1ODJkMDk3YjIzYjc=","ENV_VALUE":"a73f173cf385391d0152a52df4709b94","ENC_TYPE":"NFILTER_VARIABLE"},"PRINTJUMIN":{"ENC_PARAM":"TURJd0doTUFCQllEQjQ1MXR3RlBZTzhha1o3bm5ITG9nZVlFNjQ1ckJCVHlUQTVOdlgzeFpjVnBHU3BIYm9yWEpIQWh2QT09|OTU0MjhmOWU3NmJjN2M1MDUzMmM1ODJkMDk3YjIzYjc=","ENV_VALUE":"a73f173cf385391d0152a52df4709b94","ENC_TYPE":"NFILTER_VARIABLE"},"CERTPWD":{"ENV_VALUE":"27bf3854545ace2f802ea4a1e4b4d373","ENC_PARAM":"TURJd0doTUFCQllEQjQ1MXR3RlBZTzhha1o3bm5ITG9nZVlFNjQ1ckJCVHlUQTVOdlgzeFpjVnBHU3BIYm9yWEpIQWh2QT09|OTU0MjhmOWU3NmJjN2M1MDUzMmM1ODJkMDk3YjIzYjc=","ENC_TYPE":"NFILTER_VARIABLE"}},"USE_WEB_DBG":"YES","USE_WEB_DBG_URL":"http://192.167.0.117:8887","ACTION":"RUN","userId":"kwickwic","src_gb":"3","JUMINNUM":"a73f173cf385391d0152a52df4709b94","REQJUMIN":"a73f173cf385391d0152a52df4709b94","PRINTJUMIN":"a73f173cf385391d0152a52df4709b94"},"AUTH_REQUEST":[{"user_id":"kwickwic","cust_key":"kwickwic","src_gb":"3","os_gb":"A","lib_ver":"","public_key":"MIIBIjANBgkqhkiG9w0BAQEFAAOCAQ8AMIIBCgKCAQEA%2BLfrRzkXNhCG9LDBkyviDXxpuznvZABABhFA94ktsagzoC7vHGuUGK1aUsAtJOXwISBN%2BNPjTkz%2BWXIsSzsiBHTUwtiJm73GpoFnZcX04jfzoiWlVw7vvo%2BSFBLJ4tjthgGO6gOto21H2xO2CHUQWP8Mz1zWqnH24r8TDyEa4J8N2Wwhmizbi9DN3saiCn%2BcwdEAY5RgZfM6WgAshfpGDLzOLlkGyyf4V37Gl7an5HrZomCYKg82%2FpNn09mEaFh7TTRT4InUlebG6nmJBIslJDDOuCh%2FgFCGQDEH9O%2Fb0%2BL0MUrU9ptHQrgzGnM221cgVzWzdwqmfoiXO5Khq7yETwIDAQAB","svc_req_cnt":"1","svcArray":[{"svc_gb":"13"}]}],"AUTH_RESPONSE":[{"expt_yn":"N","loop_count":1,"rtnArray":[{"rst_prv_type":"","rsaEncYn":"Y","rst_info_rgst_yn":"","svc_gb":"13","ivkey":"O&p*220800823010","fax_prv_yn":"Y","scaf_id":"220800823010","third_id":"","rsp_cd":"P000","third_hpz_no":"","third_hps_no":"","cryptkey":"B@r@2022081917250022080082301000","third_hpa_no":"","third_nm":""}],"cust_nm":"기웅정보통신(주)","store_cd":"0027210","src_gb":"3","user_id":"kwickwic","cust_key":"kwickwic"}],"SCRAP_INPUT":[{"ORG":"1004","CERTTYPE":"B","MODULE":"101","FCODE":"MLHTGM","LOGINMETHOD":"0","REGNUMBER":"2339100568","USERGUBUN":"2","TELNUMBER":"010-6338-7509","EMAIL":"","ISSUETYPE":"1","PURPOSTCD":"9","SENDNM":"6","JUMINYN":"1","ACPTGUBUN":"2","ISSUECOUNT":"1","value":"13","SNAVE":"사업자등록증명","EVENT":"com.niceinfobox.scrap.certbizregisted","USERNAME":"윤덕권","ENGINE":{"FRAMEWORK":"ios","ACCESSKEY":"N49O2S42KZDF793X","HW":"x86_64","UUID":"32CB8E6C-6551-44DB-BE62-5AC33B014CA1","PACKAGENAME":"kr.co.kwic.NiceInfoBoxSampleSwift","ENV":"dev","OS":"iOS_15.2","INTERACTION_BINDING":"1","INTERFACE":"Mobile","REQTIME":"20220819172459"},"ACTION":"RUN","ACCESS_KEY":"N49O2S42KZDF793X","SHARED_KEY":"-)(Bm@@)szGXUR;F","CERTKEY":"INFOBOXTEST","TASKID":"220800823010","CERTDIRECTORY":"{{CERTSpri.CERTDIRECTORY}}","CERTNAME":"cn=윤덕권()008804820140314188001994,ou=SHB,ou=personal4IB,o=yessign,c=kr","SIGNCERT_DER":"MIIFrzCCBJegAwIBAgIELZFluDANBgkqhkiG9w0BAQsFADBSMQswCQYDVQQGEwJrcjEQMA4GA1UECgwHeWVzc2lnbjEVMBMGA1UECwwMQWNjcmVkaXRlZENBMRowGAYDVQQDDBF5ZXNzaWduQ0EgQ2xhc3MgMjAeFw0yMjAzMTAxNTAwMDBaFw0yMzAzMjIxNDU5NTlaMHExCzAJBgNVBAYTAmtyMRAwDgYDVQQKDAd5ZXNzaWduMRQwEgYDVQQLDAtwZXJzb25hbDRJQjEMMAoGA1UECwwDU0hCMSwwKgYDVQQDDCPsnKTrjZXqtowoKTAwODgwNDgyMDE0MDMxNDE4ODAwMTk5NDCCASIwDQYJKoZIhvcNAQEBBQADggEPADCCAQoCggEBAJPD/AODErdD7IgL8EjpyxyjmCtO9TTiiPv+F47+CfV/Q/OLcuiPLi5EfQdwLhIJCbrei6MdB5X86vUZZqT4QeK8W9A9PhzeyPr3cXXI8gOZfMdK0RVLjls0wSkO2i8djcV7AxZGbhuK9tXo5RWKraD/dh3lCejunteGYq4v/t7Bph5lsj7f/7ZUoIyDl2zpGxqgEOFRDQz3wEckmrt8CuTji+F0BgVTt53fV/MHUhZx1X4YZ2u/xxBfTKSAnP7lFvjRPVHGhtu51+Tp8enKe0jXvaiicotwB5awYob/dYKg2e+16qBxxZFVKqX77MjRqUOl2Gjd74UvjHgFyUtboAcCAwEAAaOCAmwwggJoMIGPBgNVHSMEgYcwgYSAFO/cRNLGjcAOozjAfJPGw0G/So/woWikZjBkMQswCQYDVQQGEwJLUjENMAsGA1UECgwES0lTQTEuMCwGA1UECwwlS29yZWEgQ2VydGlmaWNhdGlvbiBBdXRob3JpdHkgQ2VudHJhbDEWMBQGA1UEAwwNS0lTQSBSb290Q0EgNIICEBwwHQYDVR0OBBYEFAVSBjUcFpx7jmkI+qwAJgx/F6hjMA4GA1UdDwEB/wQEAwIGwDCBjAYDVR0gAQH/BIGBMH8wfQYJKoMajJpFAQEEMHAwQAYIKwYBBQUHAgIwNB4yx3QAIMd4yZ3BHLKUACCuCMc1rLDIHMbQxdDBHAAgvByuCdVcACDHeMmdwRzHhbLIsuQwLAYIKwYBBQUHAgEWIGh0dHA6Ly93d3cueWVzc2lnbi5vci5rci9jcHMuaHRtMGgGA1UdEQRhMF+gXQYJKoMajJpECgEBoFAwTgwJ7Jyk642V6raMMEEwPwYKKoMajJpECgEBATAxMAsGCWCGSAFlAwQCAaAiBCCeAinIJ/ccqiI/pInwlr8aDm4lbEtmT397LeKQv9DUTjByBgNVHR8EazBpMGegZaBjhmFsZGFwOi8vZHMueWVzc2lnbi5vci5rcjozODkvb3U9ZHA1cDkzODMzLG91PUFjY3JlZGl0ZWRDQSxvPXllc3NpZ24sYz1rcj9jZXJ0aWZpY2F0ZVJldm9jYXRpb25MaXN0MDgGCCsGAQUFBwEBBCwwKjAoBggrBgEFBQcwAYYcaHR0cDovL29jc3AueWVzc2lnbi5vcmc6NDYxMjANBgkqhkiG9w0BAQsFAAOCAQEAkZcaKX+lF/DUOAJjDlyPEnLpN583MKwn7QXbT+b1b3jNE2vXp/A3wiNCis/3T85bf8QsvUNdY9sJEFI3r6Pv4rCdzdIOafBGdr9LsZ/zMQusaBhIONFQn7M5uRON4/C0jjXOKOmNnEhbL8Yk7aQYcB6kSABIXYxtXYCnXFyow/lFei+wrymXIrczFeTHgwbOtUxFzYfiP7ynkX2KaKjcN2nbQXRa+E7EHWFCldfyXZFeuL+XcCfaxvWl3jPTJvokPBYutSP1rkd/h71wJgnuIyhL5vtxskGDZUnf3NjLNbdmnlg+Js+vL2vQouH7HWcmMqVJkNISkblqcOs5WJs5yA==","SIGNPRI_KEY":"MIIFEDAaBggqgxqMmkQBDzAOBAiNwo9yF3nNKQICCAAEggTwleFn2UwvMvF/xrCLu8ok5DHrAI2kwlRzQ22Jdk++OcbEevAWDu56FxATVe9brq9BcCgV9aBctCoDZS3mUGgPItpdFGvvDlNl3HwekhYk+ROsH9AL+J9E0aHFS0FAGr4ahZ/xhcOMg4bx+wPd5hlGUjFMGrBxaKhIxOq3HvPQBqTf+Z9vFBu0KXIpo1ullCtxSPmAGkvstVrOlBnRPKZ35HptIusuLGnfm/+Izom1Hn7/NoBqVl/mRYerp8YVGayjY5Z2rLO2tEgfPYPf8pUCnMemiajZjmY8u8W/07hJuyzPo0YZCxDf4ZC9+QAeHB4+XKC7zya/ygw46K+OTHWfnKc1tQggolTnAvPcyzqIks+z1QKdyofj/FF5ucsXSqzs3V3vIfbstq7tz/gj+HX0t4nW5plR48cii5lYq9bJ0G3Ek8jrQuk3Ng+GJtY8Fc2LYzTipUqloG+lw/BboFGnJgONxvSUSX40bBKOL7IJJ4t4W07figRaOZDJe5gVYzmbhRrofJJBu+dBZiI2R2O7CWZIvE5Da7FtIxii5cP9zXCVmmh+6mEFFKL73phmnD5Os1QjoJrTAm9h9H7fGVESSN4b6arLtRLRbgG9y76B6dDcXvppp6x1YC0CY4F1yTgEu6p7YnfgbbljRjdyLeHBkmJWn8ldddnzPusujkqCRqU2LS1Wxvb61il2XoFDOcb/+3Vc8UGAmRDNdh3d3kC/DmidXe6koGslrHaPcSDo8SirGXPaWnnm+f9y1tQp+/pHbUThnDNq5yRGSSxU9D55q5ZGe9QpCCodv/MIpdxKdcoVliSI1HsfPGc2T7oVHuZqAQLcfnIcwjMUidoS/uiQDb8GwithizTAKC1IxJdo05AKIYXLafrSihJQ59xdbeMTH9vDv58yCqqUEu1WIk9RfCxyQnS1XrGWIILwnPgCd2drGU7bN+4gXDZK0rSpXH5E8PKugkkWSnREs0OmjFoj7oo2wJmhYK+yvemOWkUVOIMO5x8qbqq2rNM6G3KsTAE6yQVwSIMx9JeHoxKdiXA9p7dAs12gsk13LEl6uqrCBi300t/NkYJuOXa+dmwHTJKkt34mhtQIXYYpK/nrL6G/HRjIoS1tsq8XD39+pkRcLw3t+NwgdfvAlCyFROi/reC/lV9L1kp/sbh/OU4JbbJPODLe0C1eO6l2i14AJ4Z4m19EvULRhYOu4o+PKFNQETNll8k8annnr8/Lt6DghQSJPdz+x4zqBfsEdUMWPQHf47e42AU3uWV1BMlm4KLQ/yrVBXv9QRrLrBEgEC+i0xSyde2NMPVxzJP/rpkEep8vEHMKY28yQ9fpIq7iJbX1m77GFUzrHN98P06cpspo/YdRnVF61bVJqjKsB5Msu2/RDt1h3IsxlfcQhXMpdDvSbZCasMsmZBtSGnFU7KweL6sUYYo0pW7pYpeHb4n4J9NVOBr4eto6HLA2w6CVym9fzc61tMzZ8VN5cfILBYg7VA071vTd8EqPLN9fPUob0Fu286zEDEOzpRzGNRl3qNAeptKzqRWAGicL+AkfmMtNVl7DVa4BRLNRXEva0VNsvBHHwK7JOWNkMbnS7nehGHIxHul6qPujwlNI6o/4LOauovwyAHg7p1DRBOwaYSDt0VMLnrqH6qICMdVHJ+psQAhoDswkYpHuPI9+Azwn63LXrIi4gQ==","JUMIN":"a73f173cf385391d0152a52df4709b94","CERTPWD_BIZ":"27bf3854545ace2f802ea4a1e4b4d373","CERTPWD":"27bf3854545ace2f802ea4a1e4b4d373","CERTPWD_PRI":"27bf3854545ace2f802ea4a1e4b4d373","JUMINNUM":"a73f173cf385391d0152a52df4709b94","REQJUMIN":"a73f173cf385391d0152a52df4709b94","PRINTJUMIN":"a73f173cf385391d0152a52df4709b94","ENC_FIELDS":{"JUMIN":{"ENC_PARAM":"TURJd0doTUFCQllEQjQ1MXR3RlBZTzhha1o3bm5ITG9nZVlFNjQ1ckJCVHlUQTVOdlgzeFpjVnBHU3BIYm9yWEpIQWh2QT09|OTU0MjhmOWU3NmJjN2M1MDUzMmM1ODJkMDk3YjIzYjc=","ENV_VALUE":"a73f173cf385391d0152a52df4709b94","ENC_TYPE":"NFILTER_VARIABLE"},"CERTPWD_BIZ":{"ENV_VALUE":"27bf3854545ace2f802ea4a1e4b4d373","ENC_PARAM":"TURJd0doTUFCQllEQjQ1MXR3RlBZTzhha1o3bm5ITG9nZVlFNjQ1ckJCVHlUQTVOdlgzeFpjVnBHU3BIYm9yWEpIQWh2QT09|OTU0MjhmOWU3NmJjN2M1MDUzMmM1ODJkMDk3YjIzYjc=","ENC_TYPE":"NFILTER_VARIABLE"},"CERTPWD_PRI":{"ENC_TYPE":"NFILTER_VARIABLE","ENC_PARAM":"TURJd0doTUFCQllEQjQ1MXR3RlBZTzhha1o3bm5ITG9nZVlFNjQ1ckJCVHlUQTVOdlgzeFpjVnBHU3BIYm9yWEpIQWh2QT09|OTU0MjhmOWU3NmJjN2M1MDUzMmM1ODJkMDk3YjIzYjc=","ENV_VALUE":"27bf3854545ace2f802ea4a1e4b4d373"},"JUMINNUM":{"ENC_PARAM":"TURJd0doTUFCQllEQjQ1MXR3RlBZTzhha1o3bm5ITG9nZVlFNjQ1ckJCVHlUQTVOdlgzeFpjVnBHU3BIYm9yWEpIQWh2QT09|OTU0MjhmOWU3NmJjN2M1MDUzMmM1ODJkMDk3YjIzYjc=","ENV_VALUE":"a73f173cf385391d0152a52df4709b94","ENC_TYPE":"NFILTER_VARIABLE"},"REQJUMIN":{"ENC_PARAM":"TURJd0doTUFCQllEQjQ1MXR3RlBZTzhha1o3bm5ITG9nZVlFNjQ1ckJCVHlUQTVOdlgzeFpjVnBHU3BIYm9yWEpIQWh2QT09|OTU0MjhmOWU3NmJjN2M1MDUzMmM1ODJkMDk3YjIzYjc=","ENV_VALUE":"a73f173cf385391d0152a52df4709b94","ENC_TYPE":"NFILTER_VARIABLE"},"PRINTJUMIN":{"ENC_PARAM":"TURJd0doTUFCQllEQjQ1MXR3RlBZTzhha1o3bm5ITG9nZVlFNjQ1ckJCVHlUQTVOdlgzeFpjVnBHU3BIYm9yWEpIQWh2QT09|OTU0MjhmOWU3NmJjN2M1MDUzMmM1ODJkMDk3YjIzYjc=","ENV_VALUE":"a73f173cf385391d0152a52df4709b94","ENC_TYPE":"NFILTER_VARIABLE"},"CERTPWD":{"ENV_VALUE":"27bf3854545ace2f802ea4a1e4b4d373","ENC_PARAM":"TURJd0doTUFCQllEQjQ1MXR3RlBZTzhha1o3bm5ITG9nZVlFNjQ1ckJCVHlUQTVOdlgzeFpjVnBHU3BIYm9yWEpIQWh2QT09|OTU0MjhmOWU3NmJjN2M1MDUzMmM1ODJkMDk3YjIzYjc=","ENC_TYPE":"NFILTER_VARIABLE"}},"ENCMODE":"Y"}],"SCRAP_RESPONSE":[{"SVC_CD":"13","TaskID":"220800823010","SCRAP_RESPONSE":{"RESULT":"SUCCESS","ERRMSG":"","ERRDOC":"","CONTENTS":"%3C%3Fxml%20version%3D'1.0'%20encoding%3D'utf-8'%3F%3E%3Croot%3E%0A%20%20%3CcerIsnInqrSVO%3E%0A%20%20%20%20%3CjntBmanCnt%3E0%3C%2FjntBmanCnt%3E%0A%20%20%20%20%3CtfbAddYn%3E%3C!%5BCDATA%5BN%5D%5D%3E%3C%2FtfbAddYn%3E%0A%20%20%20%20%3CjntRprsList%2F%3E%0A%20%20%3C%2FcerIsnInqrSVO%3E%0A%20%20%3CcvaKndCd%2F%3E%0A%20%20%3CcvarTin%2F%3E%0A%20%20%3CjntBmanRprsCtlInqrTwoDVOList%2F%3E%0A%20%20%3CcvaId%2F%3E%0A%20%20%3CcerpBscInfrDVO%3E%0A%20%20%20%20%3CjntRprsEnglTxprNm%2F%3E%0A%20%20%20%20%3CcvaChrgDprtEnglNm%3E%3C!%5BCDATA%5BTaxpayer%20Service%20Center%5D%5D%3E%3C%2FcvaChrgDprtEnglNm%3E%0A%20%20%20%20%3CrcatNo%3E503028026061%3C%2FrcatNo%3E%0A%20%20%20%20%3CcvaChrgOgzEnglNm%3E%3C!%5BCDATA%5BGeumcheon%5D%5D%3E%3C%2FcvaChrgOgzEnglNm%3E%0A%20%20%20%20%3CcvarHofcRoadNmAdr%2F%3E%0A%20%20%20%20%3CcvaId%3E202208510000002931125135%3C%2FcvaId%3E%0A%20%20%20%20%3CrptPkgPth%2F%3E%0A%20%20%20%20%3CcvarBldSnoAdr%3E0%3C%2FcvarBldSnoAdr%3E%0A%20%20%20%20%3CcvarEnglBanAdr%2F%3E%0A%20%20%20%20%3CcvarEnglSubItmNm%2F%3E%0A%20%20%20%20%3CcvaChrgDprtNm%3E%3C!%5BCDATA%5B%EB%AF%BC%EC%9B%90%EB%B4%89%EC%82%AC%EC%8B%A4%5D%5D%3E%3C%2FcvaChrgDprtNm%3E%0A%20%20%20%20%3CcvarTin%3E100000000025786839%3C%2FcvarTin%3E%0A%20%20%20%20%3CcvaChrgOgzNm%3E%3C!%5BCDATA%5B%EA%B8%88%EC%B2%9C%5D%5D%3E%3C%2FcvaChrgOgzNm%3E%0A%20%20%20%20%3CrcatDtm%3E20220819172507%3C%2FrcatDtm%3E%0A%20%20%20%20%3CcvarFaxno%2F%3E%0A%20%20%20%20%3CaplcResno%2F%3E%0A%20%20%20%20%3CcvarEnglBldDnadr%2F%3E%0A%20%20%20%20%3CrcatOptrTxhfOgzCd%3E119%3C%2FrcatOptrTxhfOgzCd%3E%0A%20%20%20%20%3CcvarRprsResno%3E%3C!%5BCDATA%5B741018-1038018%5D%5D%3E%3C%2FcvarRprsResno%3E%0A%20%20%20%20%3CcvaDcumGranMthdNm%3E%3C!%5BCDATA%5B%EC%9D%B8%ED%84%B0%EB%84%B7%EC%97%B4%EB%9E%8C%5D%5D%3E%3C%2FcvaDcumGranMthdNm%3E%0A%20%20%20%20%3CcvarHmpgAdrUrl%2F%3E%0A%20%20%20%20%3CcvarFnm%3E%3C!%5BCDATA%5B%EC%9C%A4%EB%8D%95%EA%B6%8C%5D%5D%3E%3C%2FcvarFnm%3E%0A%20%20%20%20%3CcvarEnglRdstNm%2F%3E%0A%20%20%20%20%3CadrOpYn%3E%3C!%5BCDATA%5BY%5D%5D%3E%3C%2FadrOpYn%3E%0A%20%20%20%20%3CcvarEnglRprsLdAdr%2F%3E%0A%20%20%20%20%3CenglCvaAplnYn%3E%3C!%5BCDATA%5BN%5D%5D%3E%3C%2FenglCvaAplnYn%3E%0A%20%20%20%20%3CcerCvaIsnNo%3E%3C!%5BCDATA%5B7638-582-5737-139%5D%5D%3E%3C%2FcerCvaIsnNo%3E%0A%20%20%20%20%3CcvarTxprClsfCd%3E02%3C%2FcvarTxprClsfCd%3E%0A%20%20%20%20%3CcvarBrncRoadNmAdr%2F%3E%0A%20%20%20%20%3CrptFleNm%2F%3E%0A%20%20%20%20%3CcvaTypeCd%3E01%3C%2FcvaTypeCd%3E%0A%20%20%20%20%3CtxnrmEndYm%2F%3E%0A%20%20%20%20%3CcvaDcumGranDt%2F%3E%0A%20%20%20%20%3CjntBmanResnoOpYn%3E%3C!%5BCDATA%5BN%5D%5D%3E%3C%2FjntBmanResnoOpYn%3E%0A%20%20%20%20%3CcvaChrgTelno%3E%3C!%5BCDATA%5B02-850-4228%5D%5D%3E%3C%2FcvaChrgTelno%3E%0A%20%20%20%20%3CcvaDcumIsnStatCd%2F%3E%0A%20%20%20%20%3CenglMpbBldBlckAdr%2F%3E%0A%20%20%20%20%3CcvaChrgDutsCd%3E%3C!%5BCDATA%5BAS07%5D%5D%3E%3C%2FcvaChrgDutsCd%3E%0A%20%20%20%20%3CcvarCvaAgnRltCd%3E01%3C%2FcvarCvaAgnRltCd%3E%0A%20%20%20%20%3CcvarHofcYn%3E%3C%2FcvarHofcYn%3E%0A%20%20%20%20%3CcvarEml%2F%3E%0A%20%20%20%20%3CcvarEnglHofcLdAdr%2F%3E%0A%20%20%20%20%3CcdlGranNo%2F%3E%0A%20%20%20%20%3CcvarRprsMpno%2F%3E%0A%20%20%20%20%3CpbTin%2F%3E%0A%20%20%20%20%3CcfbDt%2F%3E%0A%20%20%20%20%3CmdlTxprYn%3E%3C!%5BCDATA%5BN%5D%5D%3E%3C%2FmdlTxprYn%3E%0A%20%20%20%20%3CcvaDcumGranRsn%2F%3E%0A%20%20%20%20%3CcvaKndNm%3E%3C!%5BCDATA%5B%EC%82%AC%EC%97%85%EC%9E%90%EB%93%B1%EB%A1%9D%EC%A6%9D%EB%AA%85%5D%5D%3E%3C%2FcvaKndNm%3E%0A%20%20%20%20%3CcvarEnglBcNm%2F%3E%0A%20%20%20%20%3CcvarEnglBldBlckAdr%2F%3E%0A%20%20%20%20%3CcvarMpbSn%3E0%3C%2FcvarMpbSn%3E%0A%20%20%20%20%3CtxaaEnglCntn%2F%3E%0A%20%20%20%20%3CcerpIsnActlQty%2F%3E%0A%20%20%20%20%3CcvaChrgTxhfOgzCd%3E119%3C%2FcvaChrgTxhfOgzCd%3E%0A%20%20%20%20%3CelctDcmWltAdrEncCntn%2F%3E%0A%20%20%20%20%3CaplcCvaAgnRltNm%3E%3C!%5BCDATA%5B%EB%B3%B8%EC%9D%B8%5D%5D%3E%3C%2FaplcCvaAgnRltNm%3E%0A%20%20%20%20%3CcvarEnglHofcRoadNmAdr%2F%3E%0A%20%20%20%20%3CtxnrmStrtYm%2F%3E%0A%20%20%20%20%3CcvarBunjAdr%3E535%3C%2FcvarBunjAdr%3E%0A%20%20%20%20%3CrctCerCvaIsnSn%2F%3E%0A%20%20%20%20%3CcvarEnglBldHoAdr%2F%3E%0A%20%20%20%20%3CcerpIsnRqsQty%3E1%3C%2FcerpIsnRqsQty%3E%0A%20%20%20%20%3CcvaDcumUseUsgCd%3E99%3C%2FcvaDcumUseUsgCd%3E%0A%20%20%20%20%3CplsbNm%2F%3E%0A%20%20%20%20%3CcvarRprsRoadNmAdr%3E%3C!%5BCDATA%5B%EA%B2%BD%EA%B8%B0%EB%8F%84%20%ED%8C%8C%EC%A3%BC%EC%8B%9C%20%EA%B0%80%EC%98%A8%EB%A1%9C%20245%2C%201005%EB%8F%99%201902%ED%98%B8(%EC%99%80%EB%8F%99%EB%8F%99%2C%20%EA%B0%80%EB%9E%8C%EB%A7%88%EC%9D%8410%EB%8B%A8%EC%A7%80%20%EB%8F%99%EC%96%91%EC%97%94%ED%8C%8C%ED%8A%B8%20%EC%9B%94%EB%93%9C%EB%A9%94%EB%A5%B4%EB%94%94%EC%95%99)%5D%5D%3E%3C%2FcvarRprsRoadNmAdr%3E%0A%20%20%20%20%3CaplcTnm%3E%3C%2FaplcTnm%3E%0A%20%20%20%20%3CcvarEnglBrncRoadNmAdr%2F%3E%0A%20%20%20%20%3CsfbTerm%2F%3E%0A%20%20%20%20%3CcvarItmNm%3E%3C!%5BCDATA%5B%EC%A3%BC%ED%83%9D%EC%9E%84%EB%8C%80%5D%5D%3E%3C%2FcvarItmNm%3E%0A%20%20%20%20%3CcvarEnglSggNm%3E%3C!%5BCDATA%5BGeumcheon-gu%5D%5D%3E%3C%2FcvarEnglSggNm%3E%0A%20%20%20%20%3CcvarEnglTnm%2F%3E%0A%20%20%20%20%3CbmanClCd%2F%3E%0A%20%20%20%20%3CcerIsnMateClCd%2F%3E%0A%20%20%20%20%3CcvarBmanClCd%3E04%3C%2FcvarBmanClCd%3E%0A%20%20%20%20%3CmdlTxprEnglCntn%2F%3E%0A%20%20%20%20%3CcvaDcumSbmsOrgnClCd%3E99%3C%2FcvaDcumSbmsOrgnClCd%3E%0A%20%20%20%20%3CcvarBrncLdAdr%2F%3E%0A%20%20%20%20%3CcvarEnglSubBcNm%2F%3E%0A%20%20%20%20%3CcvaChrgEnglFnm%3E%3C%2FcvaChrgEnglFnm%3E%0A%20%20%20%20%3CcvaDcumIsnStatNm%2F%3E%0A%20%20%20%20%3CcvarLdAdr%3E%3C!%5BCDATA%5B%EC%84%9C%EC%9A%B8%ED%8A%B9%EB%B3%84%EC%8B%9C%20%EA%B8%88%EC%B2%9C%EA%B5%AC%20%EA%B0%80%EC%82%B0%EB%8F%99%20535-7%20G%EB%B0%B8%EB%A6%AC%20%ED%95%98%EC%9A%B0%EC%8A%A4%EB%94%94%EC%96%B4%EB%B0%98%20A1410%ED%98%B8%5D%5D%3E%3C%2FcvarLdAdr%3E%0A%20%20%20%20%3CrcatOptrDutsCd%3E%3C!%5BCDATA%5BDB05%5D%5D%3E%3C%2FrcatOptrDutsCd%3E%0A%20%20%20%20%3CcvarRprsHmTelno%2F%3E%0A%20%20%20%20%3CjntRprsTxprNm%2F%3E%0A%20%20%20%20%3CovrsMvnPrmsDt%2F%3E%0A%20%20%20%20%3CjntRprsTxprNo%2F%3E%0A%20%20%20%20%3CcvarTelno%3E%3C!%5BCDATA%5B010-6338-7509%5D%5D%3E%3C%2FcvarTelno%3E%0A%20%20%20%20%3Ctin%2F%3E%0A%20%20%20%20%3CcvarCvaAgnRltNm%3E%3C!%5BCDATA%5B%EB%B3%B8%EC%9D%B8%5D%5D%3E%3C%2FcvarCvaAgnRltNm%3E%0A%20%20%20%20%3CcvarBldPmnoAdr%3E714%3C%2FcvarBldPmnoAdr%3E%0A%20%20%20%20%3CsfbEndDt%2F%3E%0A%20%20%20%20%3CstatusValue%3E%3C%2FstatusValue%3E%0A%20%20%20%20%3CmdlTxprCntn%2F%3E%0A%20%20%20%20%3CsfbStrtDt%2F%3E%0A%20%20%20%20%3CcvarCprno%2F%3E%0A%20%20%20%20%3CcvarHoAdr%3E7%3C%2FcvarHoAdr%3E%0A%20%20%20%20%3CcvarSubItmNm%2F%3E%0A%20%20%20%20%3CcvaCerIsnDcnt%2F%3E%0A%20%20%20%20%3CcvarMpno%2F%3E%0A%20%20%20%20%3CcvarEnglYmdgNm%3E%3C!%5BCDATA%5BGasan-dong%5D%5D%3E%3C%2FcvarEnglYmdgNm%3E%0A%20%20%20%20%3CcvarRoadNmAdr%3E%3C!%5BCDATA%5B%EC%84%9C%EC%9A%B8%ED%8A%B9%EB%B3%84%EC%8B%9C%20%EA%B8%88%EC%B2%9C%EA%B5%AC%20%EC%84%9C%EB%B6%80%EC%83%9B%EA%B8%B8%20714%2C%20A1410%ED%98%B8(%EA%B0%80%EC%82%B0%EB%8F%99%2C%20G%EB%B0%B8%EB%A6%AC%20%ED%95%98%EC%9A%B0%EC%8A%A4%EB%94%94%EC%96%B4%EB%B0%98)%5D%5D%3E%3C%2FcvarRoadNmAdr%3E%0A%20%20%20%20%3CcvarTnm%3E%3C%2FcvarTnm%3E%0A%20%20%20%20%3CcerpResnRqsQty%2F%3E%0A%20%20%20%20%3CcvaChrgOgzFrmyNm%3E%3C!%5BCDATA%5B%EA%B8%88%EC%B2%9C%EC%84%B8%EB%AC%B4%EC%84%9C%5D%5D%3E%3C%2FcvaChrgOgzFrmyNm%3E%0A%20%20%20%20%3CaplcEnglFnm%2F%3E%0A%20%20%20%20%3CenglMpbBldDnadr%2F%3E%0A%20%20%20%20%3CcvarSubBcNm%2F%3E%0A%20%20%20%20%3CcvarEnglFnmJnt%2F%3E%0A%20%20%20%20%3CcvaChrgFnm%3E%3C%2FcvaChrgFnm%3E%0A%20%20%20%20%3CcvaTxprDscmDt%3E20171208%3C%2FcvaTxprDscmDt%3E%0A%20%20%20%20%3CamtOpYn%3E%3C!%5BCDATA%5BY%5D%5D%3E%3C%2FamtOpYn%3E%0A%20%20%20%20%3CunqDscmInfrAgrYn%3E%3C!%5BCDATA%5BY%5D%5D%3E%3C%2FunqDscmInfrAgrYn%3E%0A%20%20%20%20%3CcvarEnglRprsRoadNmAdr%2F%3E%0A%20%20%20%20%3CjntBmanCnt%3E0%3C%2FjntBmanCnt%3E%0A%20%20%20%20%3CcerCvaIsnSn%3E1%3C%2FcerCvaIsnSn%3E%0A%20%20%20%20%3CcvaDcumGranMthdCd%3E10%3C%2FcvaDcumGranMthdCd%3E%0A%20%20%20%20%3CntplInfrPtusAgrClCd%3E%3C!%5BCDATA%5BZZ%5D%5D%3E%3C%2FntplInfrPtusAgrClCd%3E%0A%20%20%20%20%3ClstYn%2F%3E%0A%20%20%20%20%3CrctCerCvaIsnNo%2F%3E%0A%20%20%20%20%3CovrsMvnPrmsNo%2F%3E%0A%20%20%20%20%3CcvaDcumUseUsgNm%3E%3C!%5BCDATA%5B%EA%B8%B0%ED%83%80%5D%5D%3E%3C%2FcvaDcumUseUsgNm%3E%0A%20%20%20%20%3CcvarTxprDscmNoClCd%3E211%3C%2FcvarTxprDscmNoClCd%3E%0A%20%20%20%20%3CtxprDscmDt%2F%3E%0A%20%20%20%20%3CcvarFnmJnt%3E%3C!%5BCDATA%5B%EC%9C%A4***%5D%5D%3E%3C%2FcvarFnmJnt%3E%0A%20%20%20%20%3CcvarEnglItmNm%2F%3E%0A%20%20%20%20%3CrcatOptrMemNo%3E%3C!%5BCDATA%5BA066534%5D%5D%3E%3C%2FrcatOptrMemNo%3E%0A%20%20%20%20%3CaplcTin%3E000000153102141493%3C%2FaplcTin%3E%0A%20%20%20%20%3CcvarRprsLdAdr%3E%3C!%5BCDATA%5B%EA%B2%BD%EA%B8%B0%EB%8F%84%20%ED%8C%8C%EC%A3%BC%EC%8B%9C%20%EC%99%80%EB%8F%99%EB%8F%99%201356%20%EA%B0%80%EB%9E%8C%EB%A7%88%EC%9D%8410%EB%8B%A8%EC%A7%80%20%EB%8F%99%EC%96%91%EC%97%94%ED%8C%8C%ED%8A%B8%20%EC%9B%94%EB%93%9C%EB%A9%94%EB%A5%B4%EB%94%94%EC%95%99%201005%EB%8F%99%201902%ED%98%B8%20%5D%5D%3E%3C%2FcvarRprsLdAdr%3E%0A%20%20%20%20%3CcvarBsno%3E%3C!%5BCDATA%5B233-91-00568%5D%5D%3E%3C%2FcvarBsno%3E%0A%20%20%20%20%3CresnoOpYn%3E%3C!%5BCDATA%5BY%5D%5D%3E%3C%2FresnoOpYn%3E%0A%20%20%20%20%3CsearchLstAltDtm%3E%3C%2FsearchLstAltDtm%3E%0A%20%20%20%20%3CmpbSn%2F%3E%0A%20%20%20%20%3CcvarResno%3E%3C!%5BCDATA%5B741018-1038018%5D%5D%3E%3C%2FcvarResno%3E%0A%20%20%20%20%3CaplcFnm%3E%3C!%5BCDATA%5B%EC%9C%A4%EB%8D%95%EA%B6%8C%5D%5D%3E%3C%2FaplcFnm%3E%0A%20%20%20%20%3CcvarEnglBrncLdAdr%2F%3E%0A%20%20%20%20%3CenglMpbTnmNm%2F%3E%0A%20%20%20%20%3CcvarBcNm%3E%3C!%5BCDATA%5B%EB%B6%80%EB%8F%99%EC%82%B0%5D%5D%3E%3C%2FcvarBcNm%3E%0A%20%20%20%20%3CtxprNm%2F%3E%0A%20%20%20%20%3CcvarEnglLdAdr%2F%3E%0A%20%20%20%20%3CcvarYmdgClCd%3E02%3C%2FcvarYmdgClCd%3E%0A%20%20%20%20%3CelctOfsl%2F%3E%0A%20%20%20%20%3CrcatMthdCd%3E06%3C%2FrcatMthdCd%3E%0A%20%20%20%20%3CtxaaCntn%2F%3E%0A%20%20%20%20%3CcvarEnglTongAdr%2F%3E%0A%20%20%20%20%3CcvaDcumSbmsOrgnClNm%3E%3C!%5BCDATA%5B%EA%B8%B0%ED%83%80%5D%5D%3E%3C%2FcvaDcumSbmsOrgnClNm%3E%0A%20%20%20%20%3CcvarHofcLdAdr%2F%3E%0A%20%20%20%20%3CcvarEnglRoadNm%3E%3C!%5BCDATA%5BSeobusaet-gil%5D%5D%3E%3C%2FcvarEnglRoadNm%3E%0A%20%20%20%20%3CcvarEnglSidoNm%3E%3C!%5BCDATA%5BSeoul%5D%5D%3E%3C%2FcvarEnglSidoNm%3E%0A%20%20%20%20%3CcvarEnglFnm%2F%3E%0A%20%20%20%20%3CcvaKndCd%3E%3C!%5BCDATA%5BB0001%5D%5D%3E%3C%2FcvaKndCd%3E%0A%20%20%20%20%3CmpbRprsTin%2F%3E%0A%20%20%20%20%3CaplcCvaAgnRltCd%3E01%3C%2FaplcCvaAgnRltCd%3E%0A%20%20%20%20%3CcvarCrpNm%2F%3E%0A%20%20%20%20%3CcvarEnglRoadNmAdr%2F%3E%0A%20%20%20%20%3CtxprDscmNoEncCntn%2F%3E%0A%20%20%20%20%3CenglMpbBldHoAdr%2F%3E%0A%20%20%3C%2FcerpBscInfrDVO%3E%0A%20%20%3CmpbCnt%3E0%3C%2FmpbCnt%3E%0A%20%20%3CmpbSn%2F%3E%0A%20%20%3CbmanBscInfrInqrDVO%3E%0A%20%20%20%20%3CrprsYmdgClCd%3E02%3C%2FrprsYmdgClCd%3E%0A%20%20%20%20%3CitmNm%3E%3C!%5BCDATA%5B%EC%A3%BC%ED%83%9D%EC%9E%84%EB%8C%80%5D%5D%3E%3C%2FitmNm%3E%0A%20%20%20%20%3CpfbPsenClCd%3E01%3C%2FpfbPsenClCd%3E%0A%20%20%20%20%3CpgBsTypeCd%2F%3E%0A%20%20%20%20%3CfndtZoneNo%2F%3E%0A%20%20%20%20%3CvatTxtnTrgtYn%3E%3C!%5BCDATA%5BN%5D%5D%3E%3C%2FvatTxtnTrgtYn%3E%0A%20%20%20%20%3CwhlPmtApplcDt%2F%3E%0A%20%20%20%20%3CbldFlorAdr%2F%3E%0A%20%20%20%20%3Clfamt%3E0%3C%2Flfamt%3E%0A%20%20%20%20%3CtxprChchNm%2F%3E%0A%20%20%20%20%3CsfbTermEndDt%2F%3E%0A%20%20%20%20%3CwndsRtnDt%2F%3E%0A%20%20%20%20%3CldAdr%3E%3C!%5BCDATA%5B%EC%84%9C%EC%9A%B8%ED%8A%B9%EB%B3%84%EC%8B%9C%20%EA%B8%88%EC%B2%9C%EA%B5%AC%20%EA%B0%80%EC%82%B0%EB%8F%99%20535-7%20G%EB%B0%B8%EB%A6%AC%20%ED%95%98%EC%9A%B0%EC%8A%A4%EB%94%94%EC%96%B4%EB%B0%98%20A1410%ED%98%B8%20%5D%5D%3E%3C%2FldAdr%3E%0A%20%20%20%20%3CenglBldDnadr%2F%3E%0A%20%20%20%20%3CgrnrTxfrAbdnDt%2F%3E%0A%20%20%20%20%3CsdjbAltDtm%2F%3E%0A%20%20%20%20%3ChofcTxprStatCd%2F%3E%0A%20%20%20%20%3CwhlPmtAprvDt%2F%3E%0A%20%20%20%20%3CsggEnglNm%3E%3C!%5BCDATA%5BGeumcheon-gu%5D%5D%3E%3C%2FsggEnglNm%3E%0A%20%20%20%20%3ChofcRprsResnoDec%2F%3E%0A%20%20%20%20%3CemplCnt%3E0%3C%2FemplCnt%3E%0A%20%20%20%20%3CrowSeq%2F%3E%0A%20%20%20%20%3ConsCpamt%3E0%3C%2FonsCpamt%3E%0A%20%20%20%20%3ChoAdr%3E7%3C%2FhoAdr%3E%0A%20%20%20%20%3CwhlPmtEndClCd%2F%3E%0A%20%20%20%20%3CrprsTxprDclsNm%3E%3C!%5BCDATA%5B%EB%82%B4%EA%B5%AD%EC%9D%B8%5D%5D%3E%3C%2FrprsTxprDclsNm%3E%0A%20%20%20%20%3CadrId%3E100000000012223518%3C%2FadrId%3E%0A%20%20%20%20%3CcrpClCd%2F%3E%0A%20%20%20%20%3CxmtxOrgMtfbCd%2F%3E%0A%20%20%20%20%3CrprsRoadSggNm%3E%3C!%5BCDATA%5B%ED%8C%8C%EC%A3%BC%EC%8B%9C%5D%5D%3E%3C%2FrprsRoadSggNm%3E%0A%20%20%20%20%3CwhtxDutyClNm%3E%3C!%5BCDATA%5B%ED%95%B4%EB%8B%B9%EC%97%86%EC%9D%8C%5D%5D%3E%3C%2FwhtxDutyClNm%3E%0A%20%20%20%20%3ChofcYn%3E%3C%2FhofcYn%3E%0A%20%20%20%20%3Ccpamt%2F%3E%0A%20%20%20%20%3CundrBldClCd%3E0%3C%2FundrBldClCd%3E%0A%20%20%20%20%3CroadSidoNm%3E%3C!%5BCDATA%5B%EC%84%9C%EC%9A%B8%ED%8A%B9%EB%B3%84%EC%8B%9C%5D%5D%3E%3C%2FroadSidoNm%3E%0A%20%20%20%20%3CcrpKndCd%2F%3E%0A%20%20%20%20%3CasceYn%3E%3C!%5BCDATA%5BN%5D%5D%3E%3C%2FasceYn%3E%0A%20%20%20%20%3CrprsEnglRoadNm%3E%3C!%5BCDATA%5BGaon-ro%5D%5D%3E%3C%2FrprsEnglRoadNm%3E%0A%20%20%20%20%3CenglBldBlckAdr%2F%3E%0A%20%20%20%20%3ChofcRprsTxprDscmDt%2F%3E%0A%20%20%20%20%3CsggCd%3E11545%3C%2FsggCd%3E%0A%20%20%20%20%3CrprsRoadYmdgNm%3E%3C!%5BCDATA%5B%EC%99%80%EB%8F%99%EB%8F%99%5D%5D%3E%3C%2FrprsRoadYmdgNm%3E%0A%20%20%20%20%3CrprsBldSnoAdr%3E0%3C%2FrprsBldSnoAdr%3E%0A%20%20%20%20%3CrprsLdAdr%3E%3C!%5BCDATA%5B%EA%B2%BD%EA%B8%B0%EB%8F%84%20%ED%8C%8C%EC%A3%BC%EC%8B%9C%20%EC%99%80%EB%8F%99%EB%8F%99%201356%20%EA%B0%80%EB%9E%8C%EB%A7%88%EC%9D%8410%EB%8B%A8%EC%A7%80%20%EB%8F%99%EC%96%91%EC%97%94%ED%8C%8C%ED%8A%B8%20%EC%9B%94%EB%93%9C%EB%A9%94%EB%A5%B4%EB%94%94%EC%95%99%201005%EB%8F%99%201902%ED%98%B8%20%5D%5D%3E%3C%2FrprsLdAdr%3E%0A%20%20%20%20%3CtxprStatNm%3E%3C!%5BCDATA%5B%EA%B3%84%EC%86%8D%EC%82%AC%EC%97%85%EC%9E%90%5D%5D%3E%3C%2FtxprStatNm%3E%0A%20%20%20%20%3CenglBldHoAdr%2F%3E%0A%20%20%20%20%3CwhlPmtFrsApplcDt%2F%3E%0A%20%20%20%20%3CroadBscAdr%3E%3C!%5BCDATA%5B%EC%84%9C%EC%9A%B8%ED%8A%B9%EB%B3%84%EC%8B%9C%20%EA%B8%88%EC%B2%9C%EA%B5%AC%20%EC%84%9C%EB%B6%80%EC%83%9B%EA%B8%B8%20714%5D%5D%3E%3C%2FroadBscAdr%3E%0A%20%20%20%20%3CedctxYn%3E%3C!%5BCDATA%5BN%5D%5D%3E%3C%2FedctxYn%3E%0A%20%20%20%20%3CprofBsBgnnDt%2F%3E%0A%20%20%20%20%3CbldBlckAdr%3E%3C!%5BCDATA%5BG%EB%B0%B8%EB%A6%AC%20%ED%95%98%EC%9A%B0%EC%8A%A4%EB%94%94%EC%96%B4%EB%B0%98%5D%5D%3E%3C%2FbldBlckAdr%3E%0A%20%20%20%20%3CrprsFndtZoneNo%2F%3E%0A%20%20%20%20%3CscntxTxtnClNm%3E%3C!%5BCDATA%5B%ED%95%B4%EB%8B%B9%EC%97%86%EC%9D%8C%5D%5D%3E%3C%2FscntxTxtnClNm%3E%0A%20%20%20%20%3CrbfTxprDscmNoEncCntn%2F%3E%0A%20%20%20%20%3CrprsHoAdr%3E0%3C%2FrprsHoAdr%3E%0A%20%20%20%20%3CrprsBldFlorAdr%2F%3E%0A%20%20%20%20%3CrprsAdrId%3E00000000000000000000000000000000000000410003905328%3C%2FrprsAdrId%3E%0A%20%20%20%20%3CtxprDscmNoDblEnc%2F%3E%0A%20%20%20%20%3CrprsKrnTxprNm%2F%3E%0A%20%20%20%20%3CtxprDclsCd%3E210%3C%2FtxprDclsCd%3E%0A%20%20%20%20%3CtxprDscmNoDplcClCd%3E%3C!%5BCDATA%5BZZ%5D%5D%3E%3C%2FtxprDscmNoDplcClCd%3E%0A%20%20%20%20%3CsidoEnglNm%3E%3C!%5BCDATA%5BSeoul%5D%5D%3E%3C%2FsidoEnglNm%3E%0A%20%20%20%20%3CecstParCft%2F%3E%0A%20%20%20%20%3CroadSggNm%3E%3C!%5BCDATA%5B%EA%B8%88%EC%B2%9C%EA%B5%AC%5D%5D%3E%3C%2FroadSggNm%3E%0A%20%20%20%20%3CputaAprvDt%2F%3E%0A%20%20%20%20%3ChofcRprsTin%2F%3E%0A%20%20%20%20%3CmemNo%3E%3C!%5BCDATA%5BA066534%5D%5D%3E%3C%2FmemNo%3E%0A%20%20%20%20%3CputaApplcDt%2F%3E%0A%20%20%20%20%3CrprsRpnAdr%2F%3E%0A%20%20%20%20%3CtxprClsfNm%3E%3C!%5BCDATA%5B%EC%82%AC%EC%97%85%EC%9E%90%5D%5D%3E%3C%2FtxprClsfNm%3E%0A%20%20%20%20%3CbmanClCd%3E04%3C%2FbmanClCd%3E%0A%20%20%20%20%3CfrsRgtDtm%3E20171208143107%3C%2FfrsRgtDtm%3E%0A%20%20%20%20%3CasctCrpClCd%2F%3E%0A%20%20%20%20%3CldZip%3E08500%3C%2FldZip%3E%0A%20%20%20%20%3CwhlPmtYn%3E%3C!%5BCDATA%5BN%5D%5D%3E%3C%2FwhlPmtYn%3E%0A%20%20%20%20%3CrprsYmdgNm%3E%3C!%5BCDATA%5B%EC%99%80%EB%8F%99%EB%8F%99%5D%5D%3E%3C%2FrprsYmdgNm%3E%0A%20%20%20%20%3CrprsSggCd%3E41480%3C%2FrprsSggCd%3E%0A%20%20%20%20%3CpfbAnhsSfl%3E%3C!%5BCDATA%5B0.0000%5D%5D%3E%3C%2FpfbAnhsSfl%3E%0A%20%20%20%20%3ChofcRprsSgleTxprNm%2F%3E%0A%20%20%20%20%3CbldSnoAdr%3E0%3C%2FbldSnoAdr%3E%0A%20%20%20%20%3CbldPmnoAdr%3E714%3C%2FbldPmnoAdr%3E%0A%20%20%20%20%3Ctin%3E100000000025786839%3C%2Ftin%3E%0A%20%20%20%20%3CrprsRoadSidoNm%3E%3C!%5BCDATA%5B%EA%B2%BD%EA%B8%B0%EB%8F%84%5D%5D%3E%3C%2FrprsRoadSidoNm%3E%0A%20%20%20%20%3CrpnAdr%3E%3C!%5BCDATA%5B%EC%84%9C%EC%9A%B8%ED%8A%B9%EB%B3%84%EC%8B%9C%20%EA%B8%88%EC%B2%9C%EA%B5%AC%20%EC%84%9C%EB%B6%80%EC%83%9B%EA%B8%B8%20714%2C%20A1410%ED%98%B8(%EA%B0%80%EC%82%B0%EB%8F%99%2C%20G%EB%B0%B8%EB%A6%AC%20%ED%95%98%EC%9A%B0%EC%8A%A4%EB%94%94%EC%96%B4%EB%B0%98)%5D%5D%3E%3C%2FrpnAdr%3E%0A%20%20%20%20%3CstatusValue%3E%3C%2FstatusValue%3E%0A%20%20%20%20%3CrprsResno%3E7410181038018%3C%2FrprsResno%3E%0A%20%20%20%20%3CxmtxOrgMbcNm%2F%3E%0A%20%20%20%20%3CaprvDt%2F%3E%0A%20%20%20%20%3Cfnm%3E%3C!%5BCDATA%5B%EC%B0%A8%EC%A7%80%ED%95%B4%5D%5D%3E%3C%2Ffnm%3E%0A%20%20%20%20%3CpbYn%2F%3E%0A%20%20%20%20%3CbldDnadr%2F%3E%0A%20%20%20%20%3CcntrAstsYn%2F%3E%0A%20%20%20%20%3CtfbCd%3E701102%3C%2FtfbCd%3E%0A%20%20%20%20%3CldBscAdr%3E%3C!%5BCDATA%5B%EC%84%9C%EC%9A%B8%ED%8A%B9%EB%B3%84%EC%8B%9C%20%EA%B8%88%EC%B2%9C%EA%B5%AC%20%EA%B0%80%EC%82%B0%EB%8F%99%20535-7%5D%5D%3E%3C%2FldBscAdr%3E%0A%20%20%20%20%3CymdgNm%3E%3C!%5BCDATA%5B%EA%B0%80%EC%82%B0%EB%8F%99%5D%5D%3E%3C%2FymdgNm%3E%0A%20%20%20%20%3CasctCrpPubCrpYn%2F%3E%0A%20%20%20%20%3CrprsEnglBldDnadr%2F%3E%0A%20%20%20%20%3CabftChrgDutsNm%3E%3C%2FabftChrgDutsNm%3E%0A%20%20%20%20%3CrprsRoadBscAdr%3E%3C!%5BCDATA%5B%EA%B2%BD%EA%B8%B0%EB%8F%84%20%ED%8C%8C%EC%A3%BC%EC%8B%9C%20%EA%B0%80%EC%98%A8%EB%A1%9C%20245%5D%5D%3E%3C%2FrprsRoadBscAdr%3E%0A%20%20%20%20%3CjntBmanYn%3E%3C!%5BCDATA%5BN%5D%5D%3E%3C%2FjntBmanYn%3E%0A%20%20%20%20%3CrprsBldBlckAdr%3E%3C!%5BCDATA%5B%EA%B0%80%EB%9E%8C%EB%A7%88%EC%9D%8410%EB%8B%A8%EC%A7%80%20%EB%8F%99%EC%96%91%EC%97%94%ED%8C%8C%ED%8A%B8%20%EC%9B%94%EB%93%9C%EB%A9%94%EB%A5%B4%EB%94%94%EC%95%99%5D%5D%3E%3C%2FrprsBldBlckAdr%3E%0A%20%20%20%20%3CtxprMntgDscmDt%2F%3E%0A%20%20%20%20%3CbsyrEndMd%2F%3E%0A%20%20%20%20%3ChofcRprsKrnTxprNm%2F%3E%0A%20%20%20%20%3CrprsLdZip%3E10894%3C%2FrprsLdZip%3E%0A%20%20%20%20%3CrprsBldDnadr%3E1005%3C%2FrprsBldDnadr%3E%0A%20%20%20%20%3CtxprDscmNoClCd%3E211%3C%2FtxprDscmNoClCd%3E%0A%20%20%20%20%3CrprsTxprDclsCd%3E110%3C%2FrprsTxprDclsCd%3E%0A%20%20%20%20%3CrprsSidoEnglNm%3E%3C!%5BCDATA%5BGyeonggi-do%5D%5D%3E%3C%2FrprsSidoEnglNm%3E%0A%20%20%20%20%3CroadSggZip%3E085%3C%2FroadSggZip%3E%0A%20%20%20%20%3CprofBsCntn%2F%3E%0A%20%20%20%20%3CtxprDscmDt%3E20171208%3C%2FtxprDscmDt%3E%0A%20%20%20%20%3CtxprEnglNm%2F%3E%0A%20%20%20%20%3CrprsLdBscAdr%3E%3C!%5BCDATA%5B%EA%B2%BD%EA%B8%B0%EB%8F%84%20%ED%8C%8C%EC%A3%BC%EC%8B%9C%20%EC%99%80%EB%8F%99%EB%8F%99%201356%5D%5D%3E%3C%2FrprsLdBscAdr%3E%0A%20%20%20%20%3CwhtxDutyClCd%3E%3C!%5BCDATA%5BZZ%5D%5D%3E%3C%2FwhtxDutyClCd%3E%0A%20%20%20%20%3CwndsDt%2F%3E%0A%20%20%20%20%3CrprsEnglBldFlorAdr%2F%3E%0A%20%20%20%20%3CsearchLstAltDtm%3E%3C%2FsearchLstAltDtm%3E%0A%20%20%20%20%3CcrpId%2F%3E%0A%20%20%20%20%3CwhlPmtItrfCd%2F%3E%0A%20%20%20%20%3CrprsRoadNm%3E%3C!%5BCDATA%5B%EA%B0%80%EC%98%A8%EB%A1%9C%5D%5D%3E%3C%2FrprsRoadNm%3E%0A%20%20%20%20%3CrprsSidoNm%3E%3C!%5BCDATA%5B%EA%B2%BD%EA%B8%B0%EB%8F%84%5D%5D%3E%3C%2FrprsSidoNm%3E%0A%20%20%20%20%3CrcpnDt%3E20171208%3C%2FrcpnDt%3E%0A%20%20%20%20%3CbunjAdr%3E535%3C%2FbunjAdr%3E%0A%20%20%20%20%3CrprsBunjAdr%3E1356%3C%2FrprsBunjAdr%3E%0A%20%20%20%20%3ChofcNm%2F%3E%0A%20%20%20%20%3CpbBsno%2F%3E%0A%20%20%20%20%3CbmanRgtcPybClCd%3E%3C!%5BCDATA%5BZZ%5D%5D%3E%3C%2FbmanRgtcPybClCd%3E%0A%20%20%20%20%3ChofcRprsTxprNm%2F%3E%0A%20%20%20%20%3CcrpDscmDt%2F%3E%0A%20%20%20%20%3CsptxpTxivIsnClCd%3E%3C!%5BCDATA%5BZZ%5D%5D%3E%3C%2FsptxpTxivIsnClCd%3E%0A%20%20%20%20%3CbldHoAdr%3E%3C!%5BCDATA%5BA1410%5D%5D%3E%3C%2FbldHoAdr%3E%0A%20%20%20%20%3CrprsBldPmnoAdr%3E245%3C%2FrprsBldPmnoAdr%3E%0A%20%20%20%20%3CcrpChrcNm%3E%3C!%5BCDATA%5B%ED%95%B4%EB%8B%B9%EC%97%86%EC%9D%8C%5D%5D%3E%3C%2FcrpChrcNm%3E%0A%20%20%20%20%3CabftChrgTxhfOgzNm%3E%3C!%5BCDATA%5B%EA%B8%88%EC%B2%9C%5D%5D%3E%3C%2FabftChrgTxhfOgzNm%3E%0A%20%20%20%20%3CcmTxhfOgzCd%3E119%3C%2FcmTxhfOgzCd%3E%0A%20%20%20%20%3CbmanRgtDt%3E20171208%3C%2FbmanRgtDt%3E%0A%20%20%20%20%3CcrpTin%2F%3E%0A%20%20%20%20%3CrprsEnglBldHoAdr%2F%3E%0A%20%20%20%20%3CtxprStatCd%3E21%3C%2FtxprStatCd%3E%0A%20%20%20%20%3ChofcRprsResno%2F%3E%0A%20%20%20%20%3CroadNm%3E%3C!%5BCDATA%5B%EC%84%9C%EB%B6%80%EC%83%9B%EA%B8%B8%5D%5D%3E%3C%2FroadNm%3E%0A%20%20%20%20%3CsidoNm%3E%3C!%5BCDATA%5B%EC%84%9C%EC%9A%B8%ED%8A%B9%EB%B3%84%EC%8B%9C%5D%5D%3E%3C%2FsidoNm%3E%0A%20%20%20%20%3CrprsMp%3E%3C!%5BCDATA%5B010%2033138667%5D%5D%3E%3C%2FrprsMp%3E%0A%20%20%20%20%3CscntxTxtnClCd%3E%3C!%5BCDATA%5BZZ%5D%5D%3E%3C%2FscntxTxtnClCd%3E%0A%20%20%20%20%3CymdgZip%3E00%3C%2FymdgZip%3E%0A%20%20%20%20%3CrprsYmdgZip%3E94%3C%2FrprsYmdgZip%3E%0A%20%20%20%20%3CroadDadr%3E%3C!%5BCDATA%5B%20A1410%ED%98%B8(%EA%B0%80%EC%82%B0%EB%8F%99%2C%20G%EB%B0%B8%EB%A6%AC%20%ED%95%98%EC%9A%B0%EC%8A%A4%EB%94%94%EC%96%B4%EB%B0%98)%5D%5D%3E%3C%2FroadDadr%3E%0A%20%20%20%20%3CrprsBldHoAdr%3E1902%3C%2FrprsBldHoAdr%3E%0A%20%20%20%20%3ClfAlLcnId%2F%3E%0A%20%20%20%20%3Ccount%3E1%3C%2Fcount%3E%0A%20%20%20%20%3CrprsRdstNm%2F%3E%0A%20%20%20%20%3CpfbMhSfl%3E%3C!%5BCDATA%5B35.6100%5D%5D%3E%3C%2FpfbMhSfl%3E%0A%20%20%20%20%3CcrpStatCd%2F%3E%0A%20%20%20%20%3CrprsHmTelno%2F%3E%0A%20%20%20%20%3CrprsTin%3E000000153102141493%3C%2FrprsTin%3E%0A%20%20%20%20%3CrprsSpcaCd%3E0%3C%2FrprsSpcaCd%3E%0A%20%20%20%20%3Czip%3E08500%3C%2Fzip%3E%0A%20%20%20%20%3CtxprClsfCd%3E02%3C%2FtxprClsfCd%3E%0A%20%20%20%20%3CbsyrStrtMd%2F%3E%0A%20%20%20%20%3CymdgEnglNm%3E%3C!%5BCDATA%5BGasan-dong%5D%5D%3E%3C%2FymdgEnglNm%3E%0A%20%20%20%20%3CrprsRoadDadr%3E%3C!%5BCDATA%5B%201005%EB%8F%99%201902%ED%98%B8(%EC%99%80%EB%8F%99%EB%8F%99%2C%20%EA%B0%80%EB%9E%8C%EB%A7%88%EC%9D%8410%EB%8B%A8%EC%A7%80%20%EB%8F%99%EC%96%91%EC%97%94%ED%8C%8C%ED%8A%B8%20%EC%9B%94%EB%93%9C%EB%A9%94%EB%A5%B4%EB%94%94%EC%95%99)%5D%5D%3E%3C%2FrprsRoadDadr%3E%0A%20%20%20%20%3CrprsRoadSggZip%3E108%3C%2FrprsRoadSggZip%3E%0A%20%20%20%20%3CcrpTxprDclsCd%2F%3E%0A%20%20%20%20%3CrprsTxprDscmDt%3E19741018%3C%2FrprsTxprDscmDt%3E%0A%20%20%20%20%3CunqBsCntn%2F%3E%0A%20%20%20%20%3CtxprMntgYn%3E%3C!%5BCDATA%5BN%5D%5D%3E%3C%2FtxprMntgYn%3E%0A%20%20%20%20%3CrprsEnglBldBlckAdr%2F%3E%0A%20%20%20%20%3CrprsYmdgSn%3E03%3C%2FrprsYmdgSn%3E%0A%20%20%20%20%3CrprsTxprEnglNm%2F%3E%0A%20%20%20%20%3CrdstNm%2F%3E%0A%20%20%20%20%3CncoTypeCd%3E%3C!%5BCDATA%5BZZ%5D%5D%3E%3C%2FncoTypeCd%3E%0A%20%20%20%20%3CrprsYmdgCd%3E41480122%3C%2FrprsYmdgCd%3E%0A%20%20%20%20%3CspcaCd%3E0%3C%2FspcaCd%3E%0A%20%20%20%20%3CbigdecimalCount%2F%3E%0A%20%20%20%20%3CrprsLdDadr%3E%3C!%5BCDATA%5B%EA%B0%80%EB%9E%8C%EB%A7%88%EC%9D%8410%EB%8B%A8%EC%A7%80%20%EB%8F%99%EC%96%91%EC%97%94%ED%8C%8C%ED%8A%B8%20%EC%9B%94%EB%93%9C%EB%A9%94%EB%A5%B4%EB%94%94%EC%95%99%201005%EB%8F%99%201902%ED%98%B8%20%5D%5D%3E%3C%2FrprsLdDadr%3E%0A%20%20%20%20%3CprofBsTfbCd%2F%3E%0A%20%20%20%20%3CrprsRoadYmdgZip%3E94%3C%2FrprsRoadYmdgZip%3E%0A%20%20%20%20%3CwhlPmtEndRsnNm%2F%3E%0A%20%20%20%20%3CcfbDt%2F%3E%0A%20%20%20%20%3CpfbTelno%2F%3E%0A%20%20%20%20%3CwhlPmtAprvNo%2F%3E%0A%20%20%20%20%3CymdgSn%3E01%3C%2FymdgSn%3E%0A%20%20%20%20%3CymdgCd%3E11545101%3C%2FymdgCd%3E%0A%20%20%20%20%3CrprsTxprStatCd%3E11%3C%2FrprsTxprStatCd%3E%0A%20%20%20%20%3CabftChrgDutsCd%3E%3C!%5BCDATA%5BDB05%5D%5D%3E%3C%2FabftChrgDutsCd%3E%0A%20%20%20%20%3CpfbPsenClNm%3E%3C!%5BCDATA%5B%EC%9E%90%EA%B0%80%5D%5D%3E%3C%2FpfbPsenClNm%3E%0A%20%20%20%20%3CtotaPblStocCnt%2F%3E%0A%20%20%20%20%3Ccrpno%2F%3E%0A%20%20%20%20%3CldDadr%3E%3C!%5BCDATA%5BG%EB%B0%B8%EB%A6%AC%20%ED%95%98%EC%9A%B0%EC%8A%A4%EB%94%94%EC%96%B4%EB%B0%98%20A1410%ED%98%B8%20%5D%5D%3E%3C%2FldDadr%3E%0A%20%20%20%20%3Ccnt%2F%3E%0A%20%20%20%20%3CaprsCpamt%3E0%3C%2FaprsCpamt%3E%0A%20%20%20%20%3CpjpYn%2F%3E%0A%20%20%20%20%3CwhlPmtFrsAplnDt%2F%3E%0A%20%20%20%20%3CrprsSggZip%3E108%3C%2FrprsSggZip%3E%0A%20%20%20%20%3CroadAdr%3E%3C!%5BCDATA%5B%EC%84%9C%EC%9A%B8%ED%8A%B9%EB%B3%84%EC%8B%9C%20%EA%B8%88%EC%B2%9C%EA%B5%AC%20%EC%84%9C%EB%B6%80%EC%83%9B%EA%B8%B8%20714%2C%20A1410%ED%98%B8(%EA%B0%80%EC%82%B0%EB%8F%99%2C%20G%EB%B0%B8%EB%A6%AC%20%ED%95%98%EC%9A%B0%EC%8A%A4%EB%94%94%EC%96%B4%EB%B0%98)%5D%5D%3E%3C%2FroadAdr%3E%0A%20%20%20%20%3CrprsRoadAdr%3E%3C!%5BCDATA%5B%EA%B2%BD%EA%B8%B0%EB%8F%84%20%ED%8C%8C%EC%A3%BC%EC%8B%9C%20%EA%B0%80%EC%98%A8%EB%A1%9C%20245%2C%201005%EB%8F%99%201902%ED%98%B8(%EC%99%80%EB%8F%99%EB%8F%99%2C%20%EA%B0%80%EB%9E%8C%EB%A7%88%EC%9D%8410%EB%8B%A8%EC%A7%80%20%EB%8F%99%EC%96%91%EC%97%94%ED%8C%8C%ED%8A%B8%20%EC%9B%94%EB%93%9C%EB%A9%94%EB%A5%B4%EB%94%94%EC%95%99)%5D%5D%3E%3C%2FrprsRoadAdr%3E%0A%20%20%20%20%3CrprsSgleTxprNm%3E%3C!%5BCDATA%5B%EC%9C%A4%EB%8D%95%EA%B6%8C%5D%5D%3E%3C%2FrprsSgleTxprNm%3E%0A%20%20%20%20%3CpjpExclRsnCd%2F%3E%0A%20%20%20%20%3CxmtxOrgMitmNm%2F%3E%0A%20%20%20%20%3CetcDadr%2F%3E%0A%20%20%20%20%3CrprsEtcDadr%2F%3E%0A%20%20%20%20%3CpjpCmntDnoCd%2F%3E%0A%20%20%20%20%3CcrpNm%2F%3E%0A%20%20%20%20%3CrprsSidoCd%3E41%3C%2FrprsSidoCd%3E%0A%20%20%20%20%3CrprsTxprClsfCd%3E01%3C%2FrprsTxprClsfCd%3E%0A%20%20%20%20%3CrprsYmdgEnglNm%3E%3C!%5BCDATA%5BWadong-dong%5D%5D%3E%3C%2FrprsYmdgEnglNm%3E%0A%20%20%20%20%3CcrpClNm%2F%3E%0A%20%20%20%20%3CinvmAmt%3E0%3C%2FinvmAmt%3E%0A%20%20%20%20%3CsggZip%3E085%3C%2FsggZip%3E%0A%20%20%20%20%3CmmrAmt%3E0%3C%2FmmrAmt%3E%0A%20%20%20%20%3CrprsLdCd%3E4148012200%3C%2FrprsLdCd%3E%0A%20%20%20%20%3CabftChrgTxhfOgzCd%3E119%3C%2FabftChrgTxhfOgzCd%3E%0A%20%20%20%20%3CcrpChrcCd%3E%3C!%5BCDATA%5BZZ%5D%5D%3E%3C%2FcrpChrcCd%3E%0A%20%20%20%20%3CcrpKndNm%2F%3E%0A%20%20%20%20%3CwhlPmtAprvRsnCd%2F%3E%0A%20%20%20%20%3CrdstEnglNm%2F%3E%0A%20%20%20%20%3ClstAltDtm%3E20210601232807%3C%2FlstAltDtm%3E%0A%20%20%20%20%3CrprsZip%3E10894%3C%2FrprsZip%3E%0A%20%20%20%20%3CsidoCd%3E11%3C%2FsidoCd%3E%0A%20%20%20%20%3CputaAprvNo%2F%3E%0A%20%20%20%20%3CrprsTxprDscmNoClCd%3E111%3C%2FrprsTxprDscmNoClCd%3E%0A%20%20%20%20%3CpfbSfl%3E%3C!%5BCDATA%5B35.6100%5D%5D%3E%3C%2FpfbSfl%3E%0A%20%20%20%20%3CsfbTermStrtDt%2F%3E%0A%20%20%20%20%3CsggNm%3E%3C!%5BCDATA%5B%EA%B8%88%EC%B2%9C%EA%B5%AC%5D%5D%3E%3C%2FsggNm%3E%0A%20%20%20%20%3CrprsUndrBldClCd%3E0%3C%2FrprsUndrBldClCd%3E%0A%20%20%20%20%3CroadNmCd%3E115454151238%3C%2FroadNmCd%3E%0A%20%20%20%20%3ClstYn%3E%3C!%5BCDATA%5BY%5D%5D%3E%3C%2FlstYn%3E%0A%20%20%20%20%3CrprsTxprNm%3E%3C!%5BCDATA%5B%EC%9C%A4%EB%8D%95%EA%B6%8C%5D%5D%3E%3C%2FrprsTxprNm%3E%0A%20%20%20%20%3CsutaTin%2F%3E%0A%20%20%20%20%3CroadYmdgZip%3E00%3C%2FroadYmdgZip%3E%0A%20%20%20%20%3CtxprDclsNm%3E%3C!%5BCDATA%5B%EA%B0%9C%EC%9D%B8%EC%82%AC%EC%97%85%EC%9E%90%5D%5D%3E%3C%2FtxprDclsNm%3E%0A%20%20%20%20%3CrprsTxprDscmNoDplcClCd%3E01%3C%2FrprsTxprDscmNoDplcClCd%3E%0A%20%20%20%20%3CgpBsYn%3E%3C!%5BCDATA%5BN%5D%5D%3E%3C%2FgpBsYn%3E%0A%20%20%20%20%3CwhlPmtEndDt%2F%3E%0A%20%20%20%20%3CcrdcJnnYn%3E%3C!%5BCDATA%5BN%5D%5D%3E%3C%2FcrdcJnnYn%3E%0A%20%20%20%20%3Cbsno%2F%3E%0A%20%20%20%20%3CrprsMaceCd%3E000%3C%2FrprsMaceCd%3E%0A%20%20%20%20%3CpuinKndCd%2F%3E%0A%20%20%20%20%3CmataTin%2F%3E%0A%20%20%20%20%3CrprsRoadNmCd%3E414803206001%3C%2FrprsRoadNmCd%3E%0A%20%20%20%20%3CbcNm%3E%3C!%5BCDATA%5B%EB%B6%80%EB%8F%99%EC%82%B0%5D%5D%3E%3C%2FbcNm%3E%0A%20%20%20%20%3CbmanClNm%3E%3C!%5BCDATA%5B(%20%EB%B6%80%EA%B0%80%EA%B0%80%EC%B9%98%EC%84%B8%20%EB%A9%B4%EC%84%B8%EC%82%AC%EC%97%85%EC%9E%90%20)%5D%5D%3E%3C%2FbmanClNm%3E%0A%20%20%20%20%3CrprsSggEnglNm%3E%3C!%5BCDATA%5BPaju-si%5D%5D%3E%3C%2FrprsSggEnglNm%3E%0A%20%20%20%20%3CroadZip%3E08500%3C%2FroadZip%3E%0A%20%20%20%20%3CymdgClCd%3E02%3C%2FymdgClCd%3E%0A%20%20%20%20%3CrprsRoadZip%3E10894%3C%2FrprsRoadZip%3E%0A%20%20%20%20%3CcnctTxpYn%3E%3C!%5BCDATA%5BN%5D%5D%3E%3C%2FcnctTxpYn%3E%0A%20%20%20%20%3CtxprNm%3E%3C%2FtxprNm%3E%0A%20%20%20%20%3CputaYn%3E%3C!%5BCDATA%5BN%5D%5D%3E%3C%2FputaYn%3E%0A%20%20%20%20%3CtxpNoAprvTrgtCrpYn%2F%3E%0A%20%20%20%20%3CenglRoadNm%3E%3C!%5BCDATA%5BSeobusaet-gil%5D%5D%3E%3C%2FenglRoadNm%3E%0A%20%20%20%20%3CcrpCmpClCd%2F%3E%0A%20%20%20%20%3CwhlPmtEndRsnCd%2F%3E%0A%20%20%20%20%3ChofcRprsTxprDclsCd%2F%3E%0A%20%20%20%20%3CrprsSggNm%3E%3C!%5BCDATA%5B%ED%8C%8C%EC%A3%BC%EC%8B%9C%5D%5D%3E%3C%2FrprsSggNm%3E%0A%20%20%20%20%3ChofcTin%2F%3E%0A%20%20%20%20%3ChofcBsno%2F%3E%0A%20%20%20%20%3CroadYmdgNm%3E%3C!%5BCDATA%5B%EA%B0%80%EC%82%B0%EB%8F%99%5D%5D%3E%3C%2FroadYmdgNm%3E%0A%20%20%20%20%3CmaceCd%3E000%3C%2FmaceCd%3E%0A%20%20%20%20%3CpfbEml%3E%3C%2FpfbEml%3E%0A%20%20%20%20%3CldCd%3E1154510100%3C%2FldCd%3E%0A%20%20%20%20%3CenglBldFlorAdr%2F%3E%0A%20%20%20%20%3CrprsRdstEnglNm%2F%3E%0A%20%20%20%20%3CtxprDscmNoEncCntn%3E%3C!%5BCDATA%5B233-91-00568%5D%5D%3E%3C%2FtxprDscmNoEncCntn%3E%0A%20%20%3C%2FbmanBscInfrInqrDVO%3E%0A%20%20%3CjntBmanRprsCtlInqrOneDVOList%2F%3E%0A%3C%2Froot%3E","ECODE":"","EMSG":"","CERTKEY":"","FUNCNAME":"","ETRACK":"","VERSCR":""}}],"CB_REPORT":[{"scaf_id":"220800823010","user_id":"kwickwic","user_data":{"scaf_id":"220800823010","src_gb":"3","gds_cd":"13","user_id":"kwickwic","scaf_stat":"02","scrap_rsp_cd":"P000","use_gb":"N","cust_no":"kwickwic","user_gb":"2","tel_no":"010-6338-7509","biz_no":"2339100568","repr_rbc_no":"7410181038018","repr_nm":"윤덕권","co_no":"","co_nm":"","acp_no":"503028026061","bizpl_loc":"서울특별시 금천구 서부샛길 714, A1410호(가산동, G밸리 하우스디어반)","issue_dtim":"20210601232807","open_date":"20171208","biz_item_nm":"주택임대","biz_reg_date":"20171208","biz_ct":"부동산","biz_type":"( 부가가치세 면세사업자 )","chrg_dept":"민원봉사실","issue_no":"76385825737139","chrg_tel_no":"028504228","issue_istn_nm":"금천세무서","chrg_nm":"","kw_rsp_cd":"","kw_rsp_msg":"","rst_info_rgst_yn":"Y","bizArray":[]}}],"APP_REPORT":[],"ELAPSED_TIME_LIST":["SVC_CD:13, TaskID:220800823010, ElapsedTime=19.175"]}}
